Archive member included to satisfy reference by file (symbol)

c:/st/stm32cubeide_1.10.1/stm32cubeide/plugins/com.st.stm32cube.ide.mcu.externaltools.gnu-tools-for-stm32.10.3-2021.10.win32_1.0.0.202111181127/tools/bin/../lib/gcc/arm-none-eabi/10.3.1/../../../../arm-none-eabi/lib/thumb/v7e-m+fp/hard\libc_nano.a(lib_a-errno.o)
                              ./Core/Src/syscalls.o (__errno)
c:/st/stm32cubeide_1.10.1/stm32cubeide/plugins/com.st.stm32cube.ide.mcu.externaltools.gnu-tools-for-stm32.10.3-2021.10.win32_1.0.0.202111181127/tools/bin/../lib/gcc/arm-none-eabi/10.3.1/../../../../arm-none-eabi/lib/thumb/v7e-m+fp/hard\libc_nano.a(lib_a-exit.o)
                              c:/st/stm32cubeide_1.10.1/stm32cubeide/plugins/com.st.stm32cube.ide.mcu.externaltools.gnu-tools-for-stm32.10.3-2021.10.win32_1.0.0.202111181127/tools/bin/../lib/gcc/arm-none-eabi/10.3.1/../../../../arm-none-eabi/lib/thumb/v7e-m+fp/hard/crt0.o (exit)
c:/st/stm32cubeide_1.10.1/stm32cubeide/plugins/com.st.stm32cube.ide.mcu.externaltools.gnu-tools-for-stm32.10.3-2021.10.win32_1.0.0.202111181127/tools/bin/../lib/gcc/arm-none-eabi/10.3.1/../../../../arm-none-eabi/lib/thumb/v7e-m+fp/hard\libc_nano.a(lib_a-impure.o)
                              c:/st/stm32cubeide_1.10.1/stm32cubeide/plugins/com.st.stm32cube.ide.mcu.externaltools.gnu-tools-for-stm32.10.3-2021.10.win32_1.0.0.202111181127/tools/bin/../lib/gcc/arm-none-eabi/10.3.1/../../../../arm-none-eabi/lib/thumb/v7e-m+fp/hard\libc_nano.a(lib_a-exit.o) (_global_impure_ptr)
c:/st/stm32cubeide_1.10.1/stm32cubeide/plugins/com.st.stm32cube.ide.mcu.externaltools.gnu-tools-for-stm32.10.3-2021.10.win32_1.0.0.202111181127/tools/bin/../lib/gcc/arm-none-eabi/10.3.1/../../../../arm-none-eabi/lib/thumb/v7e-m+fp/hard\libc_nano.a(lib_a-init.o)
                              c:/st/stm32cubeide_1.10.1/stm32cubeide/plugins/com.st.stm32cube.ide.mcu.externaltools.gnu-tools-for-stm32.10.3-2021.10.win32_1.0.0.202111181127/tools/bin/../lib/gcc/arm-none-eabi/10.3.1/../../../../arm-none-eabi/lib/thumb/v7e-m+fp/hard/crt0.o (__libc_init_array)
c:/st/stm32cubeide_1.10.1/stm32cubeide/plugins/com.st.stm32cube.ide.mcu.externaltools.gnu-tools-for-stm32.10.3-2021.10.win32_1.0.0.202111181127/tools/bin/../lib/gcc/arm-none-eabi/10.3.1/../../../../arm-none-eabi/lib/thumb/v7e-m+fp/hard\libc_nano.a(lib_a-memset.o)
                              c:/st/stm32cubeide_1.10.1/stm32cubeide/plugins/com.st.stm32cube.ide.mcu.externaltools.gnu-tools-for-stm32.10.3-2021.10.win32_1.0.0.202111181127/tools/bin/../lib/gcc/arm-none-eabi/10.3.1/../../../../arm-none-eabi/lib/thumb/v7e-m+fp/hard/crt0.o (memset)
c:/st/stm32cubeide_1.10.1/stm32cubeide/plugins/com.st.stm32cube.ide.mcu.externaltools.gnu-tools-for-stm32.10.3-2021.10.win32_1.0.0.202111181127/tools/bin/../lib/gcc/arm-none-eabi/10.3.1/thumb/v7e-m+fp/hard\libgcc.a(_aeabi_uldivmod.o)
                              ./Drivers/STM32F4xx_HAL_Driver/Src/stm32f4xx_hal_rcc.o (__aeabi_uldivmod)
c:/st/stm32cubeide_1.10.1/stm32cubeide/plugins/com.st.stm32cube.ide.mcu.externaltools.gnu-tools-for-stm32.10.3-2021.10.win32_1.0.0.202111181127/tools/bin/../lib/gcc/arm-none-eabi/10.3.1/thumb/v7e-m+fp/hard\libgcc.a(_udivmoddi4.o)
                              c:/st/stm32cubeide_1.10.1/stm32cubeide/plugins/com.st.stm32cube.ide.mcu.externaltools.gnu-tools-for-stm32.10.3-2021.10.win32_1.0.0.202111181127/tools/bin/../lib/gcc/arm-none-eabi/10.3.1/thumb/v7e-m+fp/hard\libgcc.a(_aeabi_uldivmod.o) (__udivmoddi4)
c:/st/stm32cubeide_1.10.1/stm32cubeide/plugins/com.st.stm32cube.ide.mcu.externaltools.gnu-tools-for-stm32.10.3-2021.10.win32_1.0.0.202111181127/tools/bin/../lib/gcc/arm-none-eabi/10.3.1/thumb/v7e-m+fp/hard\libgcc.a(_dvmd_tls.o)
                              c:/st/stm32cubeide_1.10.1/stm32cubeide/plugins/com.st.stm32cube.ide.mcu.externaltools.gnu-tools-for-stm32.10.3-2021.10.win32_1.0.0.202111181127/tools/bin/../lib/gcc/arm-none-eabi/10.3.1/thumb/v7e-m+fp/hard\libgcc.a(_aeabi_uldivmod.o) (__aeabi_ldiv0)

Discarded input sections

 .text          0x0000000000000000        0x0 c:/st/stm32cubeide_1.10.1/stm32cubeide/plugins/com.st.stm32cube.ide.mcu.externaltools.gnu-tools-for-stm32.10.3-2021.10.win32_1.0.0.202111181127/tools/bin/../lib/gcc/arm-none-eabi/10.3.1/thumb/v7e-m+fp/hard/crti.o
 .data          0x0000000000000000        0x0 c:/st/stm32cubeide_1.10.1/stm32cubeide/plugins/com.st.stm32cube.ide.mcu.externaltools.gnu-tools-for-stm32.10.3-2021.10.win32_1.0.0.202111181127/tools/bin/../lib/gcc/arm-none-eabi/10.3.1/thumb/v7e-m+fp/hard/crti.o
 .bss           0x0000000000000000        0x0 c:/st/stm32cubeide_1.10.1/stm32cubeide/plugins/com.st.stm32cube.ide.mcu.externaltools.gnu-tools-for-stm32.10.3-2021.10.win32_1.0.0.202111181127/tools/bin/../lib/gcc/arm-none-eabi/10.3.1/thumb/v7e-m+fp/hard/crti.o
[...]
Memory Configuration

Name             Origin             Length             Attributes
RAM              0x0000000020000000 0x0000000000020000 xrw
FLASH            0x0000000008000000 0x0000000000080000 xr
*default*        0x0000000000000000 0xffffffffffffffff

Linker script and memory map

LOAD c:/st/stm32cubeide_1.10.1/stm32cubeide/plugins/com.st.stm32cube.ide.mcu.externaltools.gnu-tools-for-stm32.10.3-2021.10.win32_1.0.0.202111181127/tools/bin/../lib/gcc/arm-none-eabi/10.3.1/thumb/v7e-m+fp/hard/crti.o
LOAD c:/st/stm32cubeide_1.10.1/stm32cubeide/plugins/com.st.stm32cube.ide.mcu.externaltools.gnu-tools-for-stm32.10.3-2021.10.win32_1.0.0.202111181127/tools/bin/../lib/gcc/arm-none-eabi/10.3.1/thumb/v7e-m+fp/hard/crtbegin.o
LOAD c:/st/stm32cubeide_1.10.1/stm32cubeide/plugins/com.st.stm32cube.ide.mcu.externaltools.gnu-tools-for-stm32.10.3-2021.10.win32_1.0.0.202111181127/tools/bin/../lib/gcc/arm-none-eabi/10.3.1/../../../../arm-none-eabi/lib/thumb/v7e-m+fp/hard/crt0.o
LOAD ./Core/Src/main.o
LOAD ./Core/Src/stm32f4xx_hal_msp.o
LOAD ./Core/Src/stm32f4xx_it.o
LOAD ./Core/Src/syscalls.o
LOAD ./Core/Src/sysmem.o
LOAD ./Core/Src/system_stm32f4xx.o
LOAD ./Core/Startup/startup_stm32f411retx.o
LOAD ./Drivers/STM32F4xx_HAL_Driver/Src/stm32f4xx_hal.o
LOAD ./Drivers/STM32F4xx_HAL_Driver/Src/stm32f4xx_hal_cortex.o
LOAD ./Drivers/STM32F4xx_HAL_Driver/Src/stm32f4xx_hal_dma.o
LOAD ./Drivers/STM32F4xx_HAL_Driver/Src/stm32f4xx_hal_dma_ex.o
LOAD ./Drivers/STM32F4xx_HAL_Driver/Src/stm32f4xx_hal_exti.o
LOAD ./Drivers/STM32F4xx_HAL_Driver/Src/stm32f4xx_hal_flash.o
LOAD ./Drivers/STM32F4xx_HAL_Driver/Src/stm32f4xx_hal_flash_ex.o
LOAD ./Drivers/STM32F4xx_HAL_Driver/Src/stm32f4xx_hal_flash_ramfunc.o
LOAD ./Drivers/STM32F4xx_HAL_Driver/Src/stm32f4xx_hal_gpio.o
LOAD ./Drivers/STM32F4xx_HAL_Driver/Src/stm32f4xx_hal_pwr.o
LOAD ./Drivers/STM32F4xx_HAL_Driver/Src/stm32f4xx_hal_pwr_ex.o
LOAD ./Drivers/STM32F4xx_HAL_Driver/Src/stm32f4xx_hal_rcc.o
LOAD ./Drivers/STM32F4xx_HAL_Driver/Src/stm32f4xx_hal_rcc_ex.o
START GROUP
LOAD c:/st/stm32cubeide_1.10.1/stm32cubeide/plugins/com.st.stm32cube.ide.mcu.externaltools.gnu-tools-for-stm32.10.3-2021.10.win32_1.0.0.202111181127/tools/bin/../lib/gcc/arm-none-eabi/10.3.1/../../../../arm-none-eabi/lib/thumb/v7e-m+fp/hard\libc_nano.a
LOAD c:/st/stm32cubeide_1.10.1/stm32cubeide/plugins/com.st.stm32cube.ide.mcu.externaltools.gnu-tools-for-stm32.10.3-2021.10.win32_1.0.0.202111181127/tools/bin/../lib/gcc/arm-none-eabi/10.3.1/../../../../arm-none-eabi/lib/thumb/v7e-m+fp/hard\libm.a
END GROUP
START GROUP
LOAD c:/st/stm32cubeide_1.10.1/stm32cubeide/plugins/com.st.stm32cube.ide.mcu.externaltools.gnu-tools-for-stm32.10.3-2021.10.win32_1.0.0.202111181127/tools/bin/../lib/gcc/arm-none-eabi/10.3.1/thumb/v7e-m+fp/hard\libgcc.a
LOAD c:/st/stm32cubeide_1.10.1/stm32cubeide/plugins/com.st.stm32cube.ide.mcu.externaltools.gnu-tools-for-stm32.10.3-2021.10.win32_1.0.0.202111181127/tools/bin/../lib/gcc/arm-none-eabi/10.3.1/../../../../arm-none-eabi/lib/thumb/v7e-m+fp/hard\libc_nano.a
END GROUP
START GROUP
LOAD c:/st/stm32cubeide_1.10.1/stm32cubeide/plugins/com.st.stm32cube.ide.mcu.externaltools.gnu-tools-for-stm32.10.3-2021.10.win32_1.0.0.202111181127/tools/bin/../lib/gcc/arm-none-eabi/10.3.1/thumb/v7e-m+fp/hard\libgcc.a
LOAD c:/st/stm32cubeide_1.10.1/stm32cubeide/plugins/com.st.stm32cube.ide.mcu.externaltools.gnu-tools-for-stm32.10.3-2021.10.win32_1.0.0.202111181127/tools/bin/../lib/gcc/arm-none-eabi/10.3.1/../../../../arm-none-eabi/lib/thumb/v7e-m+fp/hard\libc_nano.a
LOAD c:/st/stm32cubeide_1.10.1/stm32cubeide/plugins/com.st.stm32cube.ide.mcu.externaltools.gnu-tools-for-stm32.10.3-2021.10.win32_1.0.0.202111181127/tools/bin/../lib/gcc/arm-none-eabi/10.3.1/../../../../arm-none-eabi/lib/thumb/v7e-m+fp/hard\libnosys.a
END GROUP
START GROUP
LOAD c:/st/stm32cubeide_1.10.1/stm32cubeide/plugins/com.st.stm32cube.ide.mcu.externaltools.gnu-tools-for-stm32.10.3-2021.10.win32_1.0.0.202111181127/tools/bin/../lib/gcc/arm-none-eabi/10.3.1/thumb/v7e-m+fp/hard\libgcc.a
LOAD c:/st/stm32cubeide_1.10.1/stm32cubeide/plugins/com.st.stm32cube.ide.mcu.externaltools.gnu-tools-for-stm32.10.3-2021.10.win32_1.0.0.202111181127/tools/bin/../lib/gcc/arm-none-eabi/10.3.1/../../../../arm-none-eabi/lib/thumb/v7e-m+fp/hard\libc_nano.a
LOAD c:/st/stm32cubeide_1.10.1/stm32cubeide/plugins/com.st.stm32cube.ide.mcu.externaltools.gnu-tools-for-stm32.10.3-2021.10.win32_1.0.0.202111181127/tools/bin/../lib/gcc/arm-none-eabi/10.3.1/../../../../arm-none-eabi/lib/thumb/v7e-m+fp/hard\libnosys.a
END GROUP
LOAD c:/st/stm32cubeide_1.10.1/stm32cubeide/plugins/com.st.stm32cube.ide.mcu.externaltools.gnu-tools-for-stm32.10.3-2021.10.win32_1.0.0.202111181127/tools/bin/../lib/gcc/arm-none-eabi/10.3.1/thumb/v7e-m+fp/hard/crtend.o
LOAD c:/st/stm32cubeide_1.10.1/stm32cubeide/plugins/com.st.stm32cube.ide.mcu.externaltools.gnu-tools-for-stm32.10.3-2021.10.win32_1.0.0.202111181127/tools/bin/../lib/gcc/arm-none-eabi/10.3.1/thumb/v7e-m+fp/hard/crtn.o
                0x0000000020020000                _estack = (ORIGIN (RAM) + LENGTH (RAM))
                0x0000000000000200                _Min_Heap_Size = 0x200
                0x0000000000000400                _Min_Stack_Size = 0x400

.isr_vector     0x0000000008000000      0x198
                0x0000000008000000                . = ALIGN (0x4)
 *(.isr_vector)
 .isr_vector    0x0000000008000000      0x198 ./Core/Startup/startup_stm32f411retx.o
                0x0000000008000000                g_pfnVectors
                0x0000000008000198                . = ALIGN (0x4)

.text           0x0000000008000198     0x15d8
                0x0000000008000198                . = ALIGN (0x4)
 *(.text)
 .text          0x0000000008000198       0x40 c:/st/stm32cubeide_1.10.1/stm32cubeide/plugins/com.st.stm32cube.ide.mcu.externaltools.gnu-tools-for-stm32.10.3-2021.10.win32_1.0.0.202111181127/tools/bin/../lib/gcc/arm-none-eabi/10.3.1/thumb/v7e-m+fp/hard/crtbegin.o
 .text          0x00000000080001d8       0x30 c:/st/stm32cubeide_1.10.1/stm32cubeide/plugins/com.st.stm32cube.ide.mcu.externaltools.gnu-tools-for-stm32.10.3-2021.10.win32_1.0.0.202111181127/tools/bin/../lib/gcc/arm-none-eabi/10.3.1/thumb/v7e-m+fp/hard\libgcc.a(_aeabi_uldivmod.o)
                0x00000000080001d8                __aeabi_uldivmod
 .text          0x0000000008000208      0x2d0 c:/st/stm32cubeide_1.10.1/stm32cubeide/plugins/com.st.stm32cube.ide.mcu.externaltools.gnu-tools-for-stm32.10.3-2021.10.win32_1.0.0.202111181127/tools/bin/../lib/gcc/arm-none-eabi/10.3.1/thumb/v7e-m+fp/hard\libgcc.a(_udivmoddi4.o)
                0x0000000008000208                __udivmoddi4
 .text          0x00000000080004d8        0x4 c:/st/stm32cubeide_1.10.1/stm32cubeide/plugins/com.st.stm32cube.ide.mcu.externaltools.gnu-tools-for-stm32.10.3-2021.10.win32_1.0.0.202111181127/tools/bin/../lib/gcc/arm-none-eabi/10.3.1/thumb/v7e-m+fp/hard\libgcc.a(_dvmd_tls.o)
                0x00000000080004d8                __aeabi_idiv0
                0x00000000080004d8                __aeabi_ldiv0
 *(.text*)
 .text.main     0x00000000080004dc       0x48 ./Core/Src/main.o
                0x00000000080004dc                main
 .text.SystemClock_Config
                0x0000000008000524       0xd4 ./Core/Src/main.o
                0x0000000008000524                SystemClock_Config
 .text.MX_GPIO_Init
                0x00000000080005f8       0xfc ./Core/Src/main.o
 .text.Error_Handler
                0x00000000080006f4        0xa ./Core/Src/main.o
                0x00000000080006f4                Error_Handler
 *fill*         0x00000000080006fe        0x2 
 .text.HAL_MspInit
                0x0000000008000700       0x50 ./Core/Src/stm32f4xx_hal_msp.o
                0x0000000008000700                HAL_MspInit
 .text.NMI_Handler
                0x0000000008000750        0x6 ./Core/Src/stm32f4xx_it.o
                0x0000000008000750                NMI_Handler
 .text.HardFault_Handler
                0x0000000008000756        0x6 ./Core/Src/stm32f4xx_it.o
                0x0000000008000756                HardFault_Handler
 .text.MemManage_Handler
                0x000000000800075c        0x6 ./Core/Src/stm32f4xx_it.o
                0x000000000800075c                MemManage_Handler
 .text.BusFault_Handler
                0x0000000008000762        0x6 ./Core/Src/stm32f4xx_it.o
                0x0000000008000762                BusFault_Handler
 .text.UsageFault_Handler
                0x0000000008000768        0x6 ./Core/Src/stm32f4xx_it.o
                0x0000000008000768                UsageFault_Handler
 .text.SVC_Handler
                0x000000000800076e        0xe ./Core/Src/stm32f4xx_it.o
                0x000000000800076e                SVC_Handler
 .text.DebugMon_Handler
                0x000000000800077c        0xe ./Core/Src/stm32f4xx_it.o
                0x000000000800077c                DebugMon_Handler
 .text.PendSV_Handler
                0x000000000800078a        0xe ./Core/Src/stm32f4xx_it.o
                0x000000000800078a                PendSV_Handler
 .text.SysTick_Handler
                0x0000000008000798        0xc ./Core/Src/stm32f4xx_it.o
                0x0000000008000798                SysTick_Handler
 .text.SystemInit
                0x00000000080007a4       0x24 ./Core/Src/system_stm32f4xx.o
                0x00000000080007a4                SystemInit
 .text.Reset_Handler
                0x00000000080007c8       0x50 ./Core/Startup/startup_stm32f411retx.o
                0x00000000080007c8                Reset_Handler
 .text.Default_Handler
                0x0000000008000818        0x2 ./Core/Startup/startup_stm32f411retx.o
                0x0000000008000818                RTC_Alarm_IRQHandler
                0x0000000008000818                EXTI2_IRQHandler
                0x0000000008000818                SPI4_IRQHandler
                0x0000000008000818                TIM1_CC_IRQHandler
                0x0000000008000818                DMA2_Stream5_IRQHandler
                0x0000000008000818                DMA1_Stream5_IRQHandler
                0x0000000008000818                PVD_IRQHandler
                0x0000000008000818                SDIO_IRQHandler
                0x0000000008000818                TAMP_STAMP_IRQHandler
                0x0000000008000818                EXTI3_IRQHandler
                0x0000000008000818                TIM1_UP_TIM10_IRQHandler
                0x0000000008000818                I2C3_ER_IRQHandler
                0x0000000008000818                EXTI0_IRQHandler
                0x0000000008000818                I2C2_EV_IRQHandler
                0x0000000008000818                DMA1_Stream2_IRQHandler
                0x0000000008000818                FPU_IRQHandler
                0x0000000008000818                DMA2_Stream2_IRQHandler
                0x0000000008000818                SPI1_IRQHandler
                0x0000000008000818                TIM1_BRK_TIM9_IRQHandler
                0x0000000008000818                DMA2_Stream3_IRQHandler
                0x0000000008000818                USART6_IRQHandler
                0x0000000008000818                DMA2_Stream0_IRQHandler
                0x0000000008000818                TIM4_IRQHandler
                0x0000000008000818                I2C1_EV_IRQHandler
                0x0000000008000818                DMA1_Stream6_IRQHandler
                0x0000000008000818                DMA1_Stream1_IRQHandler
                0x0000000008000818                TIM3_IRQHandler
                0x0000000008000818                RCC_IRQHandler
                0x0000000008000818                Default_Handler
                0x0000000008000818                EXTI15_10_IRQHandler
                0x0000000008000818                ADC_IRQHandler
                0x0000000008000818                DMA1_Stream7_IRQHandler
                0x0000000008000818                SPI5_IRQHandler
                0x0000000008000818                TIM5_IRQHandler
                0x0000000008000818                DMA2_Stream7_IRQHandler
                0x0000000008000818                I2C3_EV_IRQHandler
                0x0000000008000818                EXTI9_5_IRQHandler
                0x0000000008000818                RTC_WKUP_IRQHandler
                0x0000000008000818                SPI2_IRQHandler
                0x0000000008000818                DMA1_Stream0_IRQHandler
                0x0000000008000818                EXTI4_IRQHandler
                0x0000000008000818                WWDG_IRQHandler
                0x0000000008000818                TIM2_IRQHandler
                0x0000000008000818                OTG_FS_WKUP_IRQHandler
                0x0000000008000818                TIM1_TRG_COM_TIM11_IRQHandler
                0x0000000008000818                EXTI1_IRQHandler
                0x0000000008000818                USART2_IRQHandler
                0x0000000008000818                I2C2_ER_IRQHandler
                0x0000000008000818                DMA2_Stream1_IRQHandler
                0x0000000008000818                FLASH_IRQHandler
                0x0000000008000818                DMA2_Stream4_IRQHandler
                0x0000000008000818                USART1_IRQHandler
                0x0000000008000818                OTG_FS_IRQHandler
                0x0000000008000818                SPI3_IRQHandler
                0x0000000008000818                DMA1_Stream4_IRQHandler
                0x0000000008000818                I2C1_ER_IRQHandler
                0x0000000008000818                DMA2_Stream6_IRQHandler
                0x0000000008000818                DMA1_Stream3_IRQHandler
 *fill*         0x000000000800081a        0x2 
 .text.HAL_Init
                0x000000000800081c       0x44 ./Drivers/STM32F4xx_HAL_Driver/Src/stm32f4xx_hal.o
                0x000000000800081c                HAL_Init
 .text.HAL_InitTick
                0x0000000008000860       0x60 ./Drivers/STM32F4xx_HAL_Driver/Src/stm32f4xx_hal.o
                0x0000000008000860                HAL_InitTick
 .text.HAL_IncTick
                0x00000000080008c0       0x28 ./Drivers/STM32F4xx_HAL_Driver/Src/stm32f4xx_hal.o
                0x00000000080008c0                HAL_IncTick
 .text.HAL_GetTick
                0x00000000080008e8       0x18 ./Drivers/STM32F4xx_HAL_Driver/Src/stm32f4xx_hal.o
                0x00000000080008e8                HAL_GetTick
 .text.__NVIC_SetPriorityGrouping
                0x0000000008000900       0x48 ./Drivers/STM32F4xx_HAL_Driver/Src/stm32f4xx_hal_cortex.o
 .text.__NVIC_GetPriorityGrouping
                0x0000000008000948       0x1c ./Drivers/STM32F4xx_HAL_Driver/Src/stm32f4xx_hal_cortex.o
 .text.__NVIC_SetPriority
                0x0000000008000964       0x54 ./Drivers/STM32F4xx_HAL_Driver/Src/stm32f4xx_hal_cortex.o
 .text.NVIC_EncodePriority
                0x00000000080009b8       0x66 ./Drivers/STM32F4xx_HAL_Driver/Src/stm32f4xx_hal_cortex.o
 *fill*         0x0000000008000a1e        0x2 
 .text.SysTick_Config
                0x0000000008000a20       0x44 ./Drivers/STM32F4xx_HAL_Driver/Src/stm32f4xx_hal_cortex.o
 .text.HAL_NVIC_SetPriorityGrouping
                0x0000000008000a64       0x16 ./Drivers/STM32F4xx_HAL_Driver/Src/stm32f4xx_hal_cortex.o
                0x0000000008000a64                HAL_NVIC_SetPriorityGrouping
 .text.HAL_NVIC_SetPriority
                0x0000000008000a7a       0x38 ./Drivers/STM32F4xx_HAL_Driver/Src/stm32f4xx_hal_cortex.o
                0x0000000008000a7a                HAL_NVIC_SetPriority
 .text.HAL_SYSTICK_Config
                0x0000000008000ab2       0x18 ./Drivers/STM32F4xx_HAL_Driver/Src/stm32f4xx_hal_cortex.o
                0x0000000008000ab2                HAL_SYSTICK_Config
 *fill*         0x0000000008000aca        0x2 
 .text.HAL_GPIO_Init
                0x0000000008000acc      0x308 ./Drivers/STM32F4xx_HAL_Driver/Src/stm32f4xx_hal_gpio.o
                0x0000000008000acc                HAL_GPIO_Init
 .text.HAL_GPIO_ReadPin
                0x0000000008000dd4       0x30 ./Drivers/STM32F4xx_HAL_Driver/Src/stm32f4xx_hal_gpio.o
                0x0000000008000dd4                HAL_GPIO_ReadPin
 .text.HAL_GPIO_WritePin
                0x0000000008000e04       0x32 ./Drivers/STM32F4xx_HAL_Driver/Src/stm32f4xx_hal_gpio.o
                0x0000000008000e04                HAL_GPIO_WritePin
 *fill*         0x0000000008000e36        0x2 
 .text.HAL_RCC_OscConfig
                0x0000000008000e38      0x4f0 ./Drivers/STM32F4xx_HAL_Driver/Src/stm32f4xx_hal_rcc.o
                0x0000000008000e38                HAL_RCC_OscConfig
 .text.HAL_RCC_ClockConfig
                0x0000000008001328      0x1cc ./Drivers/STM32F4xx_HAL_Driver/Src/stm32f4xx_hal_rcc.o
                0x0000000008001328                HAL_RCC_ClockConfig
 .text.HAL_RCC_GetSysClockFreq
                0x00000000080014f4      0x20c ./Drivers/STM32F4xx_HAL_Driver/Src/stm32f4xx_hal_rcc.o
                0x00000000080014f4                HAL_RCC_GetSysClockFreq
 .text.__libc_init_array
                0x0000000008001700       0x48 c:/st/stm32cubeide_1.10.1/stm32cubeide/plugins/com.st.stm32cube.ide.mcu.externaltools.gnu-tools-for-stm32.10.3-2021.10.win32_1.0.0.202111181127/tools/bin/../lib/gcc/arm-none-eabi/10.3.1/../../../../arm-none-eabi/lib/thumb/v7e-m+fp/hard\libc_nano.a(lib_a-init.o)
                0x0000000008001700                __libc_init_array
 .text.memset   0x0000000008001748       0x10 c:/st/stm32cubeide_1.10.1/stm32cubeide/plugins/com.st.stm32cube.ide.mcu.externaltools.gnu-tools-for-stm32.10.3-2021.10.win32_1.0.0.202111181127/tools/bin/../lib/gcc/arm-none-eabi/10.3.1/../../../../arm-none-eabi/lib/thumb/v7e-m+fp/hard\libc_nano.a(lib_a-memset.o)
                0x0000000008001748                memset
 *(.glue_7)
 .glue_7        0x0000000008001758        0x0 linker stubs
 *(.glue_7t)
 .glue_7t       0x0000000008001758        0x0 linker stubs
 *(.eh_frame)
 .eh_frame      0x0000000008001758        0x0 c:/st/stm32cubeide_1.10.1/stm32cubeide/plugins/com.st.stm32cube.ide.mcu.externaltools.gnu-tools-for-stm32.10.3-2021.10.win32_1.0.0.202111181127/tools/bin/../lib/gcc/arm-none-eabi/10.3.1/thumb/v7e-m+fp/hard/crtbegin.o
 *(.init)
 .init          0x0000000008001758        0x4 c:/st/stm32cubeide_1.10.1/stm32cubeide/plugins/com.st.stm32cube.ide.mcu.externaltools.gnu-tools-for-stm32.10.3-2021.10.win32_1.0.0.202111181127/tools/bin/../lib/gcc/arm-none-eabi/10.3.1/thumb/v7e-m+fp/hard/crti.o
                0x0000000008001758                _init
 .init          0x000000000800175c        0x8 c:/st/stm32cubeide_1.10.1/stm32cubeide/plugins/com.st.stm32cube.ide.mcu.externaltools.gnu-tools-for-stm32.10.3-2021.10.win32_1.0.0.202111181127/tools/bin/../lib/gcc/arm-none-eabi/10.3.1/thumb/v7e-m+fp/hard/crtn.o
 *(.fini)
 .fini          0x0000000008001764        0x4 c:/st/stm32cubeide_1.10.1/stm32cubeide/plugins/com.st.stm32cube.ide.mcu.externaltools.gnu-tools-for-stm32.10.3-2021.10.win32_1.0.0.202111181127/tools/bin/../lib/gcc/arm-none-eabi/10.3.1/thumb/v7e-m+fp/hard/crti.o
                0x0000000008001764                _fini
 .fini          0x0000000008001768        0x8 c:/st/stm32cubeide_1.10.1/stm32cubeide/plugins/com.st.stm32cube.ide.mcu.externaltools.gnu-tools-for-stm32.10.3-2021.10.win32_1.0.0.202111181127/tools/bin/../lib/gcc/arm-none-eabi/10.3.1/thumb/v7e-m+fp/hard/crtn.o
                0x0000000008001770                . = ALIGN (0x4)
                0x0000000008001770                _etext = .

.vfp11_veneer   0x0000000008001770        0x0
 .vfp11_veneer  0x0000000008001770        0x0 linker stubs

.v4_bx          0x0000000008001770        0x0
 .v4_bx         0x0000000008001770        0x0 linker stubs

.iplt           0x0000000008001770        0x0
 .iplt          0x0000000008001770        0x0 c:/st/stm32cubeide_1.10.1/stm32cubeide/plugins/com.st.stm32cube.ide.mcu.externaltools.gnu-tools-for-stm32.10.3-2021.10.win32_1.0.0.202111181127/tools/bin/../lib/gcc/arm-none-eabi/10.3.1/thumb/v7e-m+fp/hard/crtbegin.o

.rodata         0x0000000008001770       0x10
                0x0000000008001770                . = ALIGN (0x4)
 *(.rodata)
 *(.rodata*)
 .rodata.AHBPrescTable
                0x0000000008001770       0x10 ./Core/Src/system_stm32f4xx.o
                0x0000000008001770                AHBPrescTable
                0x0000000008001780                . = ALIGN (0x4)

.ARM.extab      0x0000000008001780        0x0
                0x0000000008001780                . = ALIGN (0x4)
 *(.ARM.extab* .gnu.linkonce.armextab.*)
                0x0000000008001780                . = ALIGN (0x4)

.ARM            0x0000000008001780        0x8
                0x0000000008001780                . = ALIGN (0x4)
                0x0000000008001780                __exidx_start = .
 *(.ARM.exidx*)
 .ARM.exidx     0x0000000008001780        0x8 c:/st/stm32cubeide_1.10.1/stm32cubeide/plugins/com.st.stm32cube.ide.mcu.externaltools.gnu-tools-for-stm32.10.3-2021.10.win32_1.0.0.202111181127/tools/bin/../lib/gcc/arm-none-eabi/10.3.1/thumb/v7e-m+fp/hard\libgcc.a(_udivmoddi4.o)
                0x0000000008001788                __exidx_end = .
                0x0000000008001788                . = ALIGN (0x4)

.rel.dyn        0x0000000008001788        0x0
 .rel.iplt      0x0000000008001788        0x0 c:/st/stm32cubeide_1.10.1/stm32cubeide/plugins/com.st.stm32cube.ide.mcu.externaltools.gnu-tools-for-stm32.10.3-2021.10.win32_1.0.0.202111181127/tools/bin/../lib/gcc/arm-none-eabi/10.3.1/thumb/v7e-m+fp/hard/crtbegin.o

.preinit_array  0x0000000008001788        0x0
                0x0000000008001788                . = ALIGN (0x4)
                0x0000000008001788                PROVIDE (__preinit_array_start = .)
 *(.preinit_array*)
                0x0000000008001788                PROVIDE (__preinit_array_end = .)
                0x0000000008001788                . = ALIGN (0x4)

.init_array     0x0000000008001788        0x4
                0x0000000008001788                . = ALIGN (0x4)
                0x0000000008001788                PROVIDE (__init_array_start = .)
 *(SORT_BY_NAME(.init_array.*))
 *(.init_array*)
 .init_array    0x0000000008001788        0x4 c:/st/stm32cubeide_1.10.1/stm32cubeide/plugins/com.st.stm32cube.ide.mcu.externaltools.gnu-tools-for-stm32.10.3-2021.10.win32_1.0.0.202111181127/tools/bin/../lib/gcc/arm-none-eabi/10.3.1/thumb/v7e-m+fp/hard/crtbegin.o
                0x000000000800178c                PROVIDE (__init_array_end = .)
                0x000000000800178c                . = ALIGN (0x4)

.fini_array     0x000000000800178c        0x4
                0x000000000800178c                . = ALIGN (0x4)
                [!provide]                        PROVIDE (__fini_array_start = .)
 *(SORT_BY_NAME(.fini_array.*))
 *(.fini_array*)
 .fini_array    0x000000000800178c        0x4 c:/st/stm32cubeide_1.10.1/stm32cubeide/plugins/com.st.stm32cube.ide.mcu.externaltools.gnu-tools-for-stm32.10.3-2021.10.win32_1.0.0.202111181127/tools/bin/../lib/gcc/arm-none-eabi/10.3.1/thumb/v7e-m+fp/hard/crtbegin.o
                [!provide]                        PROVIDE (__fini_array_end = .)
                0x0000000008001790                . = ALIGN (0x4)
                0x0000000008001790                _sidata = LOADADDR (.data)

.data           0x0000000020000000        0xc load address 0x0000000008001790
                0x0000000020000000                . = ALIGN (0x4)
                0x0000000020000000                _sdata = .
 *(.data)
 *(.data*)
 .data.SystemCoreClock
                0x0000000020000000        0x4 ./Core/Src/system_stm32f4xx.o
                0x0000000020000000                SystemCoreClock
 .data.uwTickPrio
                0x0000000020000004        0x4 ./Drivers/STM32F4xx_HAL_Driver/Src/stm32f4xx_hal.o
                0x0000000020000004                uwTickPrio
 .data.uwTickFreq
                0x0000000020000008        0x1 ./Drivers/STM32F4xx_HAL_Driver/Src/stm32f4xx_hal.o
                0x0000000020000008                uwTickFreq
 *(.RamFunc)
 *(.RamFunc*)
                0x000000002000000c                . = ALIGN (0x4)
 *fill*         0x0000000020000009        0x3 
                0x000000002000000c                _edata = .

.igot.plt       0x000000002000000c        0x0 load address 0x000000000800179c
 .igot.plt      0x000000002000000c        0x0 c:/st/stm32cubeide_1.10.1/stm32cubeide/plugins/com.st.stm32cube.ide.mcu.externaltools.gnu-tools-for-stm32.10.3-2021.10.win32_1.0.0.202111181127/tools/bin/../lib/gcc/arm-none-eabi/10.3.1/thumb/v7e-m+fp/hard/crtbegin.o
                0x000000002000000c                . = ALIGN (0x4)

.bss            0x000000002000000c       0x20 load address 0x000000000800179c
                0x000000002000000c                _sbss = .
                0x000000002000000c                __bss_start__ = _sbss
 *(.bss)
 .bss           0x000000002000000c       0x1c c:/st/stm32cubeide_1.10.1/stm32cubeide/plugins/com.st.stm32cube.ide.mcu.externaltools.gnu-tools-for-stm32.10.3-2021.10.win32_1.0.0.202111181127/tools/bin/../lib/gcc/arm-none-eabi/10.3.1/thumb/v7e-m+fp/hard/crtbegin.o
 *(.bss*)
 .bss.uwTick    0x0000000020000028        0x4 ./Drivers/STM32F4xx_HAL_Driver/Src/stm32f4xx_hal.o
                0x0000000020000028                uwTick
 *(COMMON)
                0x000000002000002c                . = ALIGN (0x4)
                0x000000002000002c                _ebss = .
                0x000000002000002c                __bss_end__ = _ebss

._user_heap_stack
                0x000000002000002c      0x604 load address 0x000000000800179c
                0x0000000020000030                . = ALIGN (0x8)
 *fill*         0x000000002000002c        0x4 
                [!provide]                        PROVIDE (end = .)
                0x0000000020000030                PROVIDE (_end = .)
                0x0000000020000230                . = (. + _Min_Heap_Size)
 *fill*         0x0000000020000030      0x200 
                0x0000000020000630                . = (. + _Min_Stack_Size)
 *fill*         0x0000000020000230      0x400 
                0x0000000020000630                . = ALIGN (0x8)

/DISCARD/
 libc.a(*)
 libm.a(*)
 libgcc.a(*)

.ARM.attributes
                0x0000000000000000       0x30
 *(.ARM.attributes)
 .ARM.attributes
                0x0000000000000000       0x1e c:/st/stm32cubeide_1.10.1/stm32cubeide/plugins/com.st.stm32cube.ide.mcu.externaltools.gnu-tools-for-stm32.10.3-2021.10.win32_1.0.0.202111181127/tools/bin/../lib/gcc/arm-none-eabi/10.3.1/thumb/v7e-m+fp/hard/crti.o
 .ARM.attributes
                0x000000000000001e       0x34 c:/st/stm32cubeide_1.10.1/stm32cubeide/plugins/com.st.stm32cube.ide.mcu.externaltools.gnu-tools-for-stm32.10.3-2021.10.win32_1.0.0.202111181127/tools/bin/../lib/gcc/arm-none-eabi/10.3.1/thumb/v7e-m+fp/hard/crtbegin.o
 .ARM.attributes
                0x0000000000000052       0x34 ./Core/Src/main.o
 .ARM.attributes
                0x0000000000000086       0x34 ./Core/Src/stm32f4xx_hal_msp.o
 .ARM.attributes
                0x00000000000000ba       0x34 ./Core/Src/stm32f4xx_it.o
 .ARM.attributes
                0x00000000000000ee       0x34 ./Core/Src/system_stm32f4xx.o
 .ARM.attributes
                0x0000000000000122       0x21 ./Core/Startup/startup_stm32f411retx.o
 .ARM.attributes
                0x0000000000000143       0x34 ./Drivers/STM32F4xx_HAL_Driver/Src/stm32f4xx_hal.o
 .ARM.attributes
                0x0000000000000177       0x34 ./Drivers/STM32F4xx_HAL_Driver/Src/stm32f4xx_hal_cortex.o
 .ARM.attributes
                0x00000000000001ab       0x34 ./Drivers/STM32F4xx_HAL_Driver/Src/stm32f4xx_hal_gpio.o
 .ARM.attributes
                0x00000000000001df       0x34 ./Drivers/STM32F4xx_HAL_Driver/Src/stm32f4xx_hal_rcc.o
 .ARM.attributes
                0x0000000000000213       0x34 c:/st/stm32cubeide_1.10.1/stm32cubeide/plugins/com.st.stm32cube.ide.mcu.externaltools.gnu-tools-for-stm32.10.3-2021.10.win32_1.0.0.202111181127/tools/bin/../lib/gcc/arm-none-eabi/10.3.1/../../../../arm-none-eabi/lib/thumb/v7e-m+fp/hard\libc_nano.a(lib_a-init.o)
 .ARM.attributes
                0x0000000000000247       0x34 c:/st/stm32cubeide_1.10.1/stm32cubeide/plugins/com.st.stm32cube.ide.mcu.externaltools.gnu-tools-for-stm32.10.3-2021.10.win32_1.0.0.202111181127/tools/bin/../lib/gcc/arm-none-eabi/10.3.1/../../../../arm-none-eabi/lib/thumb/v7e-m+fp/hard\libc_nano.a(lib_a-memset.o)
 .ARM.attributes
                0x000000000000027b       0x1e c:/st/stm32cubeide_1.10.1/stm32cubeide/plugins/com.st.stm32cube.ide.mcu.externaltools.gnu-tools-for-stm32.10.3-2021.10.win32_1.0.0.202111181127/tools/bin/../lib/gcc/arm-none-eabi/10.3.1/thumb/v7e-m+fp/hard\libgcc.a(_aeabi_uldivmod.o)
 .ARM.attributes
                0x0000000000000299       0x34 c:/st/stm32cubeide_1.10.1/stm32cubeide/plugins/com.st.stm32cube.ide.mcu.externaltools.gnu-tools-for-stm32.10.3-2021.10.win32_1.0.0.202111181127/tools/bin/../lib/gcc/arm-none-eabi/10.3.1/thumb/v7e-m+fp/hard\libgcc.a(_udivmoddi4.o)
 .ARM.attributes
                0x00000000000002cd       0x1e c:/st/stm32cubeide_1.10.1/stm32cubeide/plugins/com.st.stm32cube.ide.mcu.externaltools.gnu-tools-for-stm32.10.3-2021.10.win32_1.0.0.202111181127/tools/bin/../lib/gcc/arm-none-eabi/10.3.1/thumb/v7e-m+fp/hard\libgcc.a(_dvmd_tls.o)
 .ARM.attributes
                0x00000000000002eb       0x1e c:/st/stm32cubeide_1.10.1/stm32cubeide/plugins/com.st.stm32cube.ide.mcu.externaltools.gnu-tools-for-stm32.10.3-2021.10.win32_1.0.0.202111181127/tools/bin/../lib/gcc/arm-none-eabi/10.3.1/thumb/v7e-m+fp/hard/crtn.o
OUTPUT(Code_flow.elf elf32-littlearm)
LOAD linker stubs
LOAD c:/st/stm32cubeide_1.10.1/stm32cubeide/plugins/com.st.stm32cube.ide.mcu.externaltools.gnu-tools-for-stm32.10.3-2021.10.win32_1.0.0.202111181127/tools/bin/../lib/gcc/arm-none-eabi/10.3.1/../../../../arm-none-eabi/lib/thumb/v7e-m+fp/hard\libc.a
LOAD c:/st/stm32cubeide_1.10.1/stm32cubeide/plugins/com.st.stm32cube.ide.mcu.externaltools.gnu-tools-for-stm32.10.3-2021.10.win32_1.0.0.202111181127/tools/bin/../lib/gcc/arm-none-eabi/10.3.1/../../../../arm-none-eabi/lib/thumb/v7e-m+fp/hard\libm.a
LOAD c:/st/stm32cubeide_1.10.1/stm32cubeide/plugins/com.st.stm32cube.ide.mcu.externaltools.gnu-tools-for-stm32.10.3-2021.10.win32_1.0.0.202111181127/tools/bin/../lib/gcc/arm-none-eabi/10.3.1/thumb/v7e-m+fp/hard\libgcc.a

.debug_info     0x0000000000000000     0x3b89
 .debug_info    0x0000000000000000      0xa5d ./Core/Src/main.o
 .debug_info    0x0000000000000a5d      0x2e7 ./Core/Src/stm32f4xx_hal_msp.o
 .debug_info    0x0000000000000d44      0x121 ./Core/Src/stm32f4xx_it.o
 .debug_info    0x0000000000000e65      0x54f ./Core/Src/system_stm32f4xx.o
 .debug_info    0x00000000000013b4       0x22 ./Core/Startup/startup_stm32f411retx.o
 .debug_info    0x00000000000013d6      0x90d ./Drivers/STM32F4xx_HAL_Driver/Src/stm32f4xx_hal.o
 .debug_info    0x0000000000001ce3      0xd8b ./Drivers/STM32F4xx_HAL_Driver/Src/stm32f4xx_hal_cortex.o
 .debug_info    0x0000000000002a6e      0x78e ./Drivers/STM32F4xx_HAL_Driver/Src/stm32f4xx_hal_gpio.o
 .debug_info    0x00000000000031fc      0x98d ./Drivers/STM32F4xx_HAL_Driver/Src/stm32f4xx_hal_rcc.o

.debug_abbrev   0x0000000000000000      0xf0e
 .debug_abbrev  0x0000000000000000      0x2c0 ./Core/Src/main.o
 .debug_abbrev  0x00000000000002c0       0xf0 ./Core/Src/stm32f4xx_hal_msp.o
 .debug_abbrev  0x00000000000003b0       0x74 ./Core/Src/stm32f4xx_it.o
 .debug_abbrev  0x0000000000000424      0x116 ./Core/Src/system_stm32f4xx.o
 .debug_abbrev  0x000000000000053a       0x12 ./Core/Startup/startup_stm32f411retx.o
 .debug_abbrev  0x000000000000054c      0x23e ./Drivers/STM32F4xx_HAL_Driver/Src/stm32f4xx_hal.o
 .debug_abbrev  0x000000000000078a      0x316 ./Drivers/STM32F4xx_HAL_Driver/Src/stm32f4xx_hal_cortex.o
 .debug_abbrev  0x0000000000000aa0      0x1c4 ./Drivers/STM32F4xx_HAL_Driver/Src/stm32f4xx_hal_gpio.o
 .debug_abbrev  0x0000000000000c64      0x2aa ./Drivers/STM32F4xx_HAL_Driver/Src/stm32f4xx_hal_rcc.o

.debug_aranges  0x0000000000000000      0x400
 .debug_aranges
                0x0000000000000000       0x48 ./Core/Src/main.o
 .debug_aranges
                0x0000000000000048       0x20 ./Core/Src/stm32f4xx_hal_msp.o
 .debug_aranges
                0x0000000000000068       0x60 ./Core/Src/stm32f4xx_it.o
 .debug_aranges
                0x00000000000000c8       0x28 ./Core/Src/system_stm32f4xx.o
 .debug_aranges
                0x00000000000000f0       0x28 ./Core/Startup/startup_stm32f411retx.o
 .debug_aranges
                0x0000000000000118       0xf0 ./Drivers/STM32F4xx_HAL_Driver/Src/stm32f4xx_hal.o
 .debug_aranges
                0x0000000000000208      0x118 ./Drivers/STM32F4xx_HAL_Driver/Src/stm32f4xx_hal_cortex.o
 .debug_aranges
                0x0000000000000320       0x58 ./Drivers/STM32F4xx_HAL_Driver/Src/stm32f4xx_hal_gpio.o
 .debug_aranges
                0x0000000000000378       0x88 ./Drivers/STM32F4xx_HAL_Driver/Src/stm32f4xx_hal_rcc.o

.debug_ranges   0x0000000000000000      0x378
 .debug_ranges  0x0000000000000000       0x38 ./Core/Src/main.o
 .debug_ranges  0x0000000000000038       0x10 ./Core/Src/stm32f4xx_hal_msp.o
 .debug_ranges  0x0000000000000048       0x50 ./Core/Src/stm32f4xx_it.o
 .debug_ranges  0x0000000000000098       0x18 ./Core/Src/system_stm32f4xx.o
 .debug_ranges  0x00000000000000b0       0x20 ./Core/Startup/startup_stm32f411retx.o
 .debug_ranges  0x00000000000000d0       0xe0 ./Drivers/STM32F4xx_HAL_Driver/Src/stm32f4xx_hal.o
 .debug_ranges  0x00000000000001b0      0x108 ./Drivers/STM32F4xx_HAL_Driver/Src/stm32f4xx_hal_cortex.o
 .debug_ranges  0x00000000000002b8       0x48 ./Drivers/STM32F4xx_HAL_Driver/Src/stm32f4xx_hal_gpio.o
 .debug_ranges  0x0000000000000300       0x78 ./Drivers/STM32F4xx_HAL_Driver/Src/stm32f4xx_hal_rcc.o

.debug_macro    0x0000000000000000    0x14f6d
 .debug_macro   0x0000000000000000      0x31e ./Core/Src/main.o
 .debug_macro   0x000000000000031e      0xa78 ./Core/Src/main.o
 .debug_macro   0x0000000000000d96      0x28f ./Core/Src/main.o
 .debug_macro   0x0000000000001025       0x2e ./Core/Src/main.o
 .debug_macro   0x0000000000001053       0x28 ./Core/Src/main.o
 .debug_macro   0x000000000000107b       0x22 ./Core/Src/main.o
 .debug_macro   0x000000000000109d       0x8e ./Core/Src/main.o
 .debug_macro   0x000000000000112b       0x51 ./Core/Src/main.o
 .debug_macro   0x000000000000117c      0x103 ./Core/Src/main.o
 .debug_macro   0x000000000000127f       0x6a ./Core/Src/main.o
 .debug_macro   0x00000000000012e9      0x1df ./Core/Src/main.o
 .debug_macro   0x00000000000014c8       0x1c ./Core/Src/main.o
 .debug_macro   0x00000000000014e4       0x22 ./Core/Src/main.o
 .debug_macro   0x0000000000001506       0xd9 ./Core/Src/main.o
 .debug_macro   0x00000000000015df     0x102d ./Core/Src/main.o
 .debug_macro   0x000000000000260c      0x11f ./Core/Src/main.o
 .debug_macro   0x000000000000272b     0xb953 ./Core/Src/main.o
 .debug_macro   0x000000000000e07e       0x6d ./Core/Src/main.o
 .debug_macro   0x000000000000e0eb     0x367e ./Core/Src/main.o
 .debug_macro   0x0000000000011769      0x174 ./Core/Src/main.o
 .debug_macro   0x00000000000118dd       0x5c ./Core/Src/main.o
 .debug_macro   0x0000000000011939      0x447 ./Core/Src/main.o
 .debug_macro   0x0000000000011d80      0x9fe ./Core/Src/main.o
 .debug_macro   0x000000000001277e      0x115 ./Core/Src/main.o
 .debug_macro   0x0000000000012893      0x11b ./Core/Src/main.o
 .debug_macro   0x00000000000129ae       0xa5 ./Core/Src/main.o
 .debug_macro   0x0000000000012a53      0x15f ./Core/Src/main.o
 .debug_macro   0x0000000000012bb2      0x287 ./Core/Src/main.o
 .debug_macro   0x0000000000012e39       0x5f ./Core/Src/main.o
 .debug_macro   0x0000000000012e98      0x236 ./Core/Src/main.o
 .debug_macro   0x00000000000130ce      0x132 ./Core/Src/main.o
 .debug_macro   0x0000000000013200      0x264 ./Core/Src/main.o
 .debug_macro   0x0000000000013464       0x2e ./Core/Src/main.o
 .debug_macro   0x0000000000013492      0x11a ./Core/Src/main.o
 .debug_macro   0x00000000000135ac       0x85 ./Core/Src/main.o
 .debug_macro   0x0000000000013631       0x89 ./Core/Src/main.o
 .debug_macro   0x00000000000136ba      0x126 ./Core/Src/main.o
 .debug_macro   0x00000000000137e0       0x58 ./Core/Src/main.o
 .debug_macro   0x0000000000013838       0x52 ./Core/Src/main.o
 .debug_macro   0x000000000001388a       0x1e ./Core/Src/main.o
 .debug_macro   0x00000000000138a8       0x3c ./Core/Src/main.o
 .debug_macro   0x00000000000138e4       0x34 ./Core/Src/main.o
 .debug_macro   0x0000000000013918       0x16 ./Core/Src/main.o
 .debug_macro   0x000000000001392e       0x35 ./Core/Src/main.o
 .debug_macro   0x0000000000013963      0x341 ./Core/Src/main.o
 .debug_macro   0x0000000000013ca4       0x10 ./Core/Src/main.o
 .debug_macro   0x0000000000013cb4       0x16 ./Core/Src/main.o
 .debug_macro   0x0000000000013cca       0x43 ./Core/Src/main.o
 .debug_macro   0x0000000000013d0d       0x34 ./Core/Src/main.o
 .debug_macro   0x0000000000013d41       0x10 ./Core/Src/main.o
 .debug_macro   0x0000000000013d51       0x58 ./Core/Src/main.o
 .debug_macro   0x0000000000013da9       0x71 ./Core/Src/main.o
 .debug_macro   0x0000000000013e1a       0x1c ./Core/Src/main.o
 .debug_macro   0x0000000000013e36      0x12a ./Core/Src/main.o
 .debug_macro   0x0000000000013f60       0x10 ./Core/Src/main.o
 .debug_macro   0x0000000000013f70       0x1c ./Core/Src/main.o
 .debug_macro   0x0000000000013f8c       0x52 ./Core/Src/main.o
 .debug_macro   0x0000000000013fde       0x22 ./Core/Src/main.o
 .debug_macro   0x0000000000014000       0x10 ./Core/Src/main.o
 .debug_macro   0x0000000000014010       0x52 ./Core/Src/main.o
 .debug_macro   0x0000000000014062       0xd5 ./Core/Src/main.o
 .debug_macro   0x0000000000014137       0x1c ./Core/Src/main.o
 .debug_macro   0x0000000000014153       0x3d ./Core/Src/main.o
 .debug_macro   0x0000000000014190       0x16 ./Core/Src/main.o
 .debug_macro   0x00000000000141a6      0x145 ./Core/Src/main.o
 .debug_macro   0x00000000000142eb      0x1bf ./Core/Src/stm32f4xx_hal_msp.o
 .debug_macro   0x00000000000144aa      0x1c9 ./Core/Src/stm32f4xx_it.o
 .debug_macro   0x0000000000014673      0x1b0 ./Core/Src/system_stm32f4xx.o
 .debug_macro   0x0000000000014823      0x210 ./Drivers/STM32F4xx_HAL_Driver/Src/stm32f4xx_hal.o
 .debug_macro   0x0000000000014a33      0x1b0 ./Drivers/STM32F4xx_HAL_Driver/Src/stm32f4xx_hal_cortex.o
 .debug_macro   0x0000000000014be3      0x1b6 ./Drivers/STM32F4xx_HAL_Driver/Src/stm32f4xx_hal_gpio.o
 .debug_macro   0x0000000000014d99      0x1d4 ./Drivers/STM32F4xx_HAL_Driver/Src/stm32f4xx_hal_rcc.o

.debug_line     0x0000000000000000     0x4b9f
 .debug_line    0x0000000000000000      0x9b0 ./Core/Src/main.o
 .debug_line    0x00000000000009b0      0x673 ./Core/Src/stm32f4xx_hal_msp.o
 .debug_line    0x0000000000001023      0x735 ./Core/Src/stm32f4xx_it.o
 .debug_line    0x0000000000001758      0x6f4 ./Core/Src/system_stm32f4xx.o
 .debug_line    0x0000000000001e4c       0x88 ./Core/Startup/startup_stm32f411retx.o
 .debug_line    0x0000000000001ed4      0x95a ./Drivers/STM32F4xx_HAL_Driver/Src/stm32f4xx_hal.o
 .debug_line    0x000000000000282e      0xc09 ./Drivers/STM32F4xx_HAL_Driver/Src/stm32f4xx_hal_cortex.o
 .debug_line    0x0000000000003437      0xa92 ./Drivers/STM32F4xx_HAL_Driver/Src/stm32f4xx_hal_gpio.o
 .debug_line    0x0000000000003ec9      0xcd6 ./Drivers/STM32F4xx_HAL_Driver/Src/stm32f4xx_hal_rcc.o

.debug_str      0x0000000000000000    0x82d88
 .debug_str     0x0000000000000000    0x81b08 ./Core/Src/main.o
                                      0x81da0 (size before relaxing)
 .debug_str     0x0000000000081b08       0x49 ./Core/Src/stm32f4xx_hal_msp.o
                                      0x7dd5d (size before relaxing)
 .debug_str     0x0000000000081b51       0xc9 ./Core/Src/stm32f4xx_it.o
                                      0x7dcb4 (size before relaxing)
 .debug_str     0x0000000000081c1a       0xdb ./Core/Src/system_stm32f4xx.o
                                      0x7dcc2 (size before relaxing)
 .debug_str     0x0000000000081cf5       0x36 ./Core/Startup/startup_stm32f411retx.o
                                         0x7b (size before relaxing)
 .debug_str     0x0000000000081d2b      0x9a5 ./Drivers/STM32F4xx_HAL_Driver/Src/stm32f4xx_hal.o
                                      0x7e6ee (size before relaxing)
 .debug_str     0x00000000000826d0      0x365 ./Drivers/STM32F4xx_HAL_Driver/Src/stm32f4xx_hal_cortex.o
                                      0x7e40f (size before relaxing)
 .debug_str     0x0000000000082a35      0x120 ./Drivers/STM32F4xx_HAL_Driver/Src/stm32f4xx_hal_gpio.o
                                      0x7de3d (size before relaxing)
 .debug_str     0x0000000000082b55      0x233 ./Drivers/STM32F4xx_HAL_Driver/Src/stm32f4xx_hal_rcc.o
                                      0x7e0f6 (size before relaxing)

.comment        0x0000000000000000       0x50
 .comment       0x0000000000000000       0x50 ./Core/Src/main.o
                                         0x51 (size before relaxing)
 .comment       0x0000000000000050       0x51 ./Core/Src/stm32f4xx_hal_msp.o
 .comment       0x0000000000000050       0x51 ./Core/Src/stm32f4xx_it.o
 .comment       0x0000000000000050       0x51 ./Core/Src/system_stm32f4xx.o
 .comment       0x0000000000000050       0x51 ./Drivers/STM32F4xx_HAL_Driver/Src/stm32f4xx_hal.o
 .comment       0x0000000000000050       0x51 ./Drivers/STM32F4xx_HAL_Driver/Src/stm32f4xx_hal_cortex.o
 .comment       0x0000000000000050       0x51 ./Drivers/STM32F4xx_HAL_Driver/Src/stm32f4xx_hal_gpio.o
 .comment       0x0000000000000050       0x51 ./Drivers/STM32F4xx_HAL_Driver/Src/stm32f4xx_hal_rcc.o

.debug_frame    0x0000000000000000      0xe64
 .debug_frame   0x0000000000000000       0xdc ./Core/Src/main.o
 .debug_frame   0x00000000000000dc       0x34 ./Core/Src/stm32f4xx_hal_msp.o
 .debug_frame   0x0000000000000110      0x104 ./Core/Src/stm32f4xx_it.o
 .debug_frame   0x0000000000000214       0x58 ./Core/Src/system_stm32f4xx.o
 .debug_frame   0x000000000000026c      0x374 ./Drivers/STM32F4xx_HAL_Driver/Src/stm32f4xx_hal.o
 .debug_frame   0x00000000000005e0      0x498 ./Drivers/STM32F4xx_HAL_Driver/Src/stm32f4xx_hal_cortex.o
 .debug_frame   0x0000000000000a78      0x14c ./Drivers/STM32F4xx_HAL_Driver/Src/stm32f4xx_hal_gpio.o
 .debug_frame   0x0000000000000bc4      0x1f4 ./Drivers/STM32F4xx_HAL_Driver/Src/stm32f4xx_hal_rcc.o
 .debug_frame   0x0000000000000db8       0x2c c:/st/stm32cubeide_1.10.1/stm32cubeide/plugins/com.st.stm32cube.ide.mcu.externaltools.gnu-tools-for-stm32.10.3-2021.10.win32_1.0.0.202111181127/tools/bin/../lib/gcc/arm-none-eabi/10.3.1/../../../../arm-none-eabi/lib/thumb/v7e-m+fp/hard\libc_nano.a(lib_a-init.o)
 .debug_frame   0x0000000000000de4       0x20 c:/st/stm32cubeide_1.10.1/stm32cubeide/plugins/com.st.stm32cube.ide.mcu.externaltools.gnu-tools-for-stm32.10.3-2021.10.win32_1.0.0.202111181127/tools/bin/../lib/gcc/arm-none-eabi/10.3.1/../../../../arm-none-eabi/lib/thumb/v7e-m+fp/hard\libc_nano.a(lib_a-memset.o)
 .debug_frame   0x0000000000000e04       0x2c c:/st/stm32cubeide_1.10.1/stm32cubeide/plugins/com.st.stm32cube.ide.mcu.externaltools.gnu-tools-for-stm32.10.3-2021.10.win32_1.0.0.202111181127/tools/bin/../lib/gcc/arm-none-eabi/10.3.1/thumb/v7e-m+fp/hard\libgcc.a(_aeabi_uldivmod.o)
 .debug_frame   0x0000000000000e30       0x34 c:/st/stm32cubeide_1.10.1/stm32cubeide/plugins/com.st.stm32cube.ide.mcu.externaltools.gnu-tools-for-stm32.10.3-2021.10.win32_1.0.0.202111181127/tools/bin/../lib/gcc/arm-none-eabi/10.3.1/thumb/v7e-m+fp/hard\libgcc.a(_udivmoddi4.o)
