10:56:04 **** Incremental Build of configuration Debug for project 03_I2C ****
make -j12 all 
arm-none-eabi-gcc "../Core/Src/main.c" -mcpu=cortex-m4 -std=gnu11 -g3 -DDEBUG -DUSE_HAL_DRIVER -DSTM32F411xE -c -I../Core/Inc -I../Drivers/STM32F4xx_HAL_Driver/Inc -I../Drivers/STM32F4xx_HAL_Driver/Inc/Legacy -I../Drivers/CMSIS/Device/ST/STM32F4xx/Include -I../Drivers/CMSIS/Include -O0 -ffunction-sections -fdata-sections -Wall -fstack-usage -MMD -MP -MF"Core/Src/main.d" -MT"Core/Src/main.o" --specs=nano.specs -mfpu=fpv4-sp-d16 -mfloat-abi=hard -mthumb -o "Core/Src/main.o"
../Core/Src/main.c: In function 'I2C1_burstWrite':
../Core/Src/main.c:123:20: warning: variable 'tmp' set but not used [-Wunused-but-set-variable]
  123 |       volatile int tmp;
      |                    ^~~
../Core/Src/main.c: In function 'I2C1_burstRead':
../Core/Src/main.c:148:20: warning: variable 'tmp' set but not used [-Wunused-but-set-variable]
  148 |       volatile int tmp;
      |                    ^~~
arm-none-eabi-gcc -o "03_I2C.elf" @"objects.list"   -mcpu=cortex-m4 -T"C:\Users\PHY202209EF08\STM32CubeIDE\workspace_1.10.1\03_I2C\STM32F411RETX_FLASH.ld" --specs=nosys.specs -Wl,-Map="03_I2C.map" -Wl,--gc-sections -static --specs=nano.specs -mfpu=fpv4-sp-d16 -mfloat-abi=hard -mthumb -Wl,--start-group -lc -lm -Wl,--end-group
Finished building target: 03_I2C.elf
 
arm-none-eabi-size   03_I2C.elf 
arm-none-eabi-objdump -h -S  03_I2C.elf  > "03_I2C.list"
   text	   data	    bss	    dec	    hex	filename
   5100	    124	   1628	   6852	   1ac4	03_I2C.elf
Finished building: default.size.stdout
 
Finished building: 03_I2C.list
 

10:56:05 Build Finished. 0 errors, 2 warnings. (took 516ms)

