16:14:25 **** Build of configuration Debug for project Code_flow ****
make -j12 all 
arm-none-eabi-gcc "../Core/Src/main.c" -mcpu=cortex-m4 -std=gnu11 -g3 -DDEBUG -DUSE_HAL_DRIVER -DSTM32F411xE -c -I../Core/Inc -I../Drivers/STM32F4xx_HAL_Driver/Inc -I../Drivers/STM32F4xx_HAL_Driver/Inc/Legacy -I../Drivers/CMSIS/Device/ST/STM32F4xx/Include -I../Drivers/CMSIS/Include -O0 -ffunction-sections -fdata-sections -Wall -fstack-usage -MMD -MP -MF"Core/Src/main.d" -MT"Core/Src/main.o" --specs=nano.specs -mfpu=fpv4-sp-d16 -mfloat-abi=hard -mthumb -o "Core/Src/main.o"
arm-none-eabi-gcc -o "Code_flow.elf" @"objects.list"   -mcpu=cortex-m4 -T"C:\Users\PHY202209EF08\STM32CubeIDE\workspace_1.10.1\Code_flow\STM32F411RETX_FLASH.ld" --specs=nosys.specs -Wl,-Map="Code_flow.map" -Wl,--gc-sections -static --specs=nano.specs -mfpu=fpv4-sp-d16 -mfloat-abi=hard -mthumb -Wl,--start-group -lc -lm -Wl,--end-group
Finished building target: Code_flow.elf
 
arm-none-eabi-size   Code_flow.elf 
arm-none-eabi-objdump -h -S  Code_flow.elf  > "Code_flow.list"
   text	   data	    bss	    dec	    hex	filename
   6024	     20	   1572	   7616	   1dc0	Code_flow.elf
Finished building: default.size.stdout
 
Finished building: Code_flow.list
 

16:14:26 Build Finished. 0 errors, 0 warnings. (took 631ms)

