10:20:18 **** Incremental Build of configuration Debug for project 02_usart_Rx ****
make -j12 all 
arm-none-eabi-size   02_usart_Rx.elf 
   text	   data	    bss	    dec	    hex	filename
  11672	     20	   1636	  13328	   3410	02_usart_Rx.elf
Finished building: default.size.stdout
 
10:20:22 **** Incremental Build of configuration Debug for project 02_usart_Rx ****
make -j12 all 
arm-none-eabi-size   02_usart_Rx.elf 
   text	   data	    bss	    dec	    hex	filename
  11672	     20	   1636	  13328	   3410	02_usart_Rx.elf
Finished building: default.size.stdout
 
10:21:46 **** Incremental Build of configuration Debug for project 02_usart_Rx ****
make -j12 all 
arm-none-eabi-size   02_usart_Rx.elf 
   text	   data	    bss	    dec	    hex	filename
  11672	     20	   1636	  13328	   3410	02_usart_Rx.elf
Finished building: default.size.stdout
 
10:29:04 **** Build of configuration Debug for project usart1_TX ****
make -j12 all 
arm-none-eabi-size   usart1_TX.elf 
   text	   data	    bss	    dec	    hex	filename
  11264	     20	   1636	  12920	   3278	usart1_TX.elf
Finished building: default.size.stdout
 
10:33:03 **** Incremental Build of configuration Debug for project usart1_TX ****
make -j12 all 
arm-none-eabi-size   usart1_TX.elf 
   text	   data	    bss	    dec	    hex	filename
  11264	     20	   1636	  12920	   3278	usart1_TX.elf
Finished building: default.size.stdout
 
10:33:18 **** Incremental Build of configuration Debug for project 02_usart_Rx ****
make -j12 all 
arm-none-eabi-size   02_usart_Rx.elf 
   text	   data	    bss	    dec	    hex	filename
  11672	     20	   1636	  13328	   3410	02_usart_Rx.elf
Finished building: default.size.stdout
 
10:36:57 **** Incremental Build of configuration Debug for project 02_usart_Rx ****
make -j12 all 
arm-none-eabi-gcc "../Core/Src/UART_HAL_RX.c" -mcpu=cortex-m4 -std=gnu11 -g3 -DDEBUG -DUSE_HAL_DRIVER -DSTM32F411xE -c -I../Core/Inc -I../Drivers/STM32F4xx_HAL_Driver/Inc -I../Drivers/STM32F4xx_HAL_Driver/Inc/Legacy -I../Drivers/CMSIS/Device/ST/STM32F4xx/Include -I../Drivers/CMSIS/Include -O0 -ffunction-sections -fdata-sections -Wall -fstack-usage -MMD -MP -MF"Core/Src/UART_HAL_RX.d" -MT"Core/Src/UART_HAL_RX.o" --specs=nano.specs -mfpu=fpv4-sp-d16 -mfloat-abi=hard -mthumb -o "Core/Src/UART_HAL_RX.o"
../Core/Src/UART_HAL_RX.c: In function 'main':
../Core/Src/UART_HAL_RX.c:158:16: warning: pointer targets in passing argument 2 of 'strcpy' differ in signedness [-Wpointer-sign]
  158 |    strcpy(str1,Data_Buffer);
      |                ^~~~~~~~~~~
      |                |
      |                uint8_t * {aka unsigned char *}
In file included from ../Core/Src/UART_HAL_RX.c:21:
c:\st\stm32cubeide_1.10.1\stm32cubeide\plugins\com.st.stm32cube.ide.mcu.externaltools.gnu-tools-for-stm32.10.3-2021.10.win32_1.0.0.202111181127\tools\arm-none-eabi\include\string.h:38:34: note: expected 'const char * restrict' but argument is of type 'uint8_t *' {aka 'unsigned char *'}
   38 | char  *strcpy (char *__restrict, const char *__restrict);
      |                                  ^
../Core/Src/UART_HAL_RX.c:72:9: warning: unused variable 'i' [-Wunused-variable]
   72 | uint8_t i;
      |         ^
arm-none-eabi-gcc -o "02_usart_Rx.elf" @"objects.list"   -mcpu=cortex-m4 -T"C:\Users\PHY202209EF08\STM32CubeIDE\workspace_1.10.1\02_usart_Rx\STM32F411RETX_FLASH.ld" --specs=nosys.specs -Wl,-Map="02_usart_Rx.map" -Wl,--gc-sections -static --specs=nano.specs -mfpu=fpv4-sp-d16 -mfloat-abi=hard -mthumb -Wl,--start-group -lc -lm -Wl,--end-group
Finished building target: 02_usart_Rx.elf
 
arm-none-eabi-size   02_usart_Rx.elf 
arm-none-eabi-objdump -h -S  02_usart_Rx.elf  > "02_usart_Rx.list"
   text	   data	    bss	    dec	    hex	filename
  11672	     20	   1636	  13328	   3410	02_usart_Rx.elf
Finished building: default.size.stdout
 
Finished building: 02_usart_Rx.list
 
