18:00:43 **** Incremental Build of configuration Debug for project SPI_max7219 ****
make -j12 all 
arm-none-eabi-gcc "../Core/Src/main.c" -mcpu=cortex-m4 -std=gnu11 -g3 -DDEBUG -DUSE_HAL_DRIVER -DSTM32F411xE -c -I../Core/Inc -I../Drivers/STM32F4xx_HAL_Driver/Inc -I../Drivers/STM32F4xx_HAL_Driver/Inc/Legacy -I../Drivers/CMSIS/Device/ST/STM32F4xx/Include -I../Drivers/CMSIS/Include -O0 -ffunction-sections -fdata-sections -Wall -fstack-usage -MMD -MP -MF"Core/Src/main.d" -MT"Core/Src/main.o" --specs=nano.specs -mfpu=fpv4-sp-d16 -mfloat-abi=hard -mthumb -o "Core/Src/main.o"
arm-none-eabi-gcc -o "SPI_max7219.elf" @"objects.list"   -mcpu=cortex-m4 -T"C:\Users\PHY202209EF08\STM32CubeIDE\workspace_1.10.1\SPI_max7219\STM32F411RETX_FLASH.ld" --specs=nosys.specs -Wl,-Map="SPI_max7219.map" -Wl,--gc-sections -static --specs=nano.specs -mfpu=fpv4-sp-d16 -mfloat-abi=hard -mthumb -Wl,--start-group -lc -lm -Wl,--end-group
Finished building target: SPI_max7219.elf
 
arm-none-eabi-size   SPI_max7219.elf 
arm-none-eabi-objdump -h -S  SPI_max7219.elf  > "SPI_max7219.list"
   text	   data	    bss	    dec	    hex	filename
   7532	     20	   1660	   9212	   23fc	SPI_max7219.elf
Finished building: default.size.stdout
 
Finished building: SPI_max7219.list
 

18:00:44 Build Finished. 0 errors, 0 warnings. (took 865ms)

