12:51:52 **** Incremental Build of configuration Debug for project usart1_intr ****
make -j12 all 
arm-none-eabi-gcc "../Core/Src/main.c" -mcpu=cortex-m4 -std=gnu11 -g3 -DDEBUG -DUSE_HAL_DRIVER -DSTM32F411xE -c -I../Core/Inc -I../Drivers/STM32F4xx_HAL_Driver/Inc -I../Drivers/STM32F4xx_HAL_Driver/Inc/Legacy -I../Drivers/CMSIS/Device/ST/STM32F4xx/Include -I../Drivers/CMSIS/Include -O0 -ffunction-sections -fdata-sections -Wall -fstack-usage -MMD -MP -MF"Core/Src/main.d" -MT"Core/Src/main.o" --specs=nano.specs -mfpu=fpv4-sp-d16 -mfloat-abi=hard -mthumb -o "Core/Src/main.o"
arm-none-eabi-gcc -o "usart1_intr.elf" @"objects.list"   -mcpu=cortex-m4 -T"C:\Users\PHY202209EF08\STM32CubeIDE\workspace_1.10.1\usart1_intr\STM32F411RETX_FLASH.ld" --specs=nosys.specs -Wl,-Map="usart1_intr.map" -Wl,--gc-sections -static --specs=nano.specs -mfpu=fpv4-sp-d16 -mfloat-abi=hard -mthumb -Wl,--start-group -lc -lm -Wl,--end-group
Finished building target: usart1_intr.elf
 
arm-none-eabi-size   usart1_intr.elf 
arm-none-eabi-objdump -h -S  usart1_intr.elf  > "usart1_intr.list"
   text	   data	    bss	    dec	    hex	filename
  11192	     24	   1696	  12912	   3270	usart1_intr.elf
Finished building: default.size.stdout
 
Finished building: usart1_intr.list
 

12:51:53 Build Finished. 0 errors, 0 warnings. (took 455ms)

